******************************************************************************
                  TI ARM Linker PC v20.2.7                     
******************************************************************************
>> Linked Sun Feb  5 16:29:52 2023

OUTPUT FILE NAME:   <rubicksCube.out>
ENTRY POINT SYMBOL: "_c_int00_noargs"  address: 00000a65


MEMORY CONFIGURATION

         name            origin    length      used     unused   attr    fill
----------------------  --------  ---------  --------  --------  ----  --------
  FLASH                 00000000   00040000  00000b88  0003f478  R  X
  SRAM                  20000000   00008000  00000520  00007ae0  RW X


SEGMENT ALLOCATION MAP

run origin  load origin   length   init length attrs members
----------  ----------- ---------- ----------- ----- -------
00000000    00000000    00000b8c   00000b8c    r-x
  00000000    00000000    0000026c   0000026c    r-- .intvecs
  0000026c    0000026c    00000860   00000860    r-x .text
  00000ad0    00000ad0    000000bc   000000bc    r-- .cinit
20000000    20000000    00000520   00000000    rw-
  20000000    20000000    00000320   00000000    rw- .data
  20000320    20000320    00000200   00000000    rw- .stack


SECTION ALLOCATION MAP

 output                                  attributes/
section   page    origin      length       input sections
--------  ----  ----------  ----------   ----------------
.intvecs   0    00000000    0000026c     
                  00000000    0000026c     tm4c123gh6pm_startup_ccs.obj (.intvecs)

.text      0    0000026c    00000860     
                  0000026c    000006ae     uart.obj (.text)
                  0000091a    0000009c     rtsv7M4_T_le_v4SPD16_eabi.lib : memcpy_t2.asm.obj (.text)
                  000009b6    00000068                                   : copy_decompress_lzss.c.obj (.text:decompress:lzss:__TI_decompress_lzss)
                  00000a1e    00000002     --HOLE-- [fill = 0]
                  00000a20    00000044                                   : autoinit.c.obj (.text:__TI_auto_init_nobinit_nopinit:__TI_auto_init_nobinit_nopinit)
                  00000a64    00000034                                   : boot_cortex_m.c.obj (.text:_c_int00_noargs:_c_int00_noargs)
                  00000a98    0000000e                                   : copy_decompress_none.c.obj (.text:decompress:none:__TI_decompress_none)
                  00000aa6    0000000c     tm4c123gh6pm_startup_ccs.obj (.text)
                  00000ab2    0000000a     main.obj (.text)
                  00000abc    00000008     cube.obj (.text)
                  00000ac4    00000004     rtsv7M4_T_le_v4SPD16_eabi.lib : pre_init.c.obj (.text:_system_pre_init)
                  00000ac8    00000004                                   : exit.c.obj (.text:abort:abort)

.cinit     0    00000ad0    000000bc     
                  00000ad0    000000ab     (.cinit..data.load) [load image, compression = lzss]
                  00000b7b    00000001     --HOLE-- [fill = 0]
                  00000b7c    00000008     (__TI_handler_table)
                  00000b84    00000008     (__TI_cinit_table)

.init_array 
*          0    00000000    00000000     UNINITIALIZED

.data      0    20000000    00000320     UNINITIALIZED
                  20000000    00000320     uart.obj (.data)

.stack     0    20000320    00000200     UNINITIALIZED
                  20000320    00000004     rtsv7M4_T_le_v4SPD16_eabi.lib : boot_cortex_m.c.obj (.stack)
                  20000324    000001fc     --HOLE--

__llvm_prf_cnts 
*          0    20000000    00000000     UNINITIALIZED

MODULE SUMMARY

       Module                         code   ro data   rw data
       ------                         ----   -------   -------
    .\
       uart.obj                       1710   0         800    
       tm4c123gh6pm_startup_ccs.obj   12     620       0      
       main.obj                       10     0         0      
       cube.obj                       8      0         0      
    +--+------------------------------+------+---------+---------+
       Total:                         1740   620       800    
                                                              
    C:\ti\ccs1220\ccs\tools\compiler\ti-cgt-arm_20.2.7.LTS\lib\rtsv7M4_T_le_v4SPD16_eabi.lib
       memcpy_t2.asm.obj              156    0         0      
       copy_decompress_lzss.c.obj     104    0         0      
       autoinit.c.obj                 68     0         0      
       boot_cortex_m.c.obj            52     0         0      
       copy_decompress_none.c.obj     14     0         0      
       exit.c.obj                     4      0         0      
       pre_init.c.obj                 4      0         0      
    +--+------------------------------+------+---------+---------+
       Total:                         402    0         0      
                                                              
       Stack:                         0      0         512    
       Linker Generated:              0      187       0      
    +--+------------------------------+------+---------+---------+
       Grand Total:                   2142   807       1312   


LINKER GENERATED COPY TABLES

__TI_cinit_table @ 00000b84 records: 1, size/record: 8, table size: 8
	.data: load addr=00000ad0, load size=000000ab bytes, run addr=20000000, run size=00000320 bytes, compression=lzss


LINKER GENERATED HANDLER TABLE

__TI_handler_table @ 00000b7c records: 2, size/record: 4, table size: 8
	index: 0, handler: __TI_decompress_lzss
	index: 1, handler: __TI_decompress_none


GLOBAL SYMBOLS: SORTED ALPHABETICALLY BY Name 

address   name                          
-------   ----                          
00000ac9  C$$EXIT                       
00000aa7  ResetISR                      
000005b9  UART0_Handler                 
20000520  __STACK_END                   
00000200  __STACK_SIZE                  
20000520  __STACK_TOP                   
00000b84  __TI_CINIT_Base               
00000b8c  __TI_CINIT_Limit              
00000b7c  __TI_Handler_Table_Base       
00000b84  __TI_Handler_Table_Limit      
00000a21  __TI_auto_init_nobinit_nopinit
000009b7  __TI_decompress_lzss          
00000a99  __TI_decompress_none          
ffffffff  __TI_pprof_out_hndl           
ffffffff  __TI_prof_data_size           
ffffffff  __TI_prof_data_start          
00000000  __TI_static_base__            
0000091b  __aeabi_memcpy                
0000091b  __aeabi_memcpy4               
0000091b  __aeabi_memcpy8               
ffffffff  __binit__                     
ffffffff  __c_args__                    
UNDEFED   __mpu_init                    
20000320  __stack                       
20000000  __start___llvm_prf_cnts       
20000000  __stop___llvm_prf_cnts        
00000a65  _c_int00_noargs               
UNDEFED   _system_post_cinit            
00000ac5  _system_pre_init              
00000ac9  abort                         
ffffffff  binit                         
00000abd  cubeGame                      
00000000  g_pfnVectors                  
00000ab3  main                          
0000091b  memcpy                        
000007eb  output_string                 
000004ed  uart_init                     
00000587  uart_interrupt_init           


GLOBAL SYMBOLS: SORTED BY Symbol Address 

address   name                          
-------   ----                          
00000000  __TI_static_base__            
00000000  g_pfnVectors                  
00000200  __STACK_SIZE                  
000004ed  uart_init                     
00000587  uart_interrupt_init           
000005b9  UART0_Handler                 
000007eb  output_string                 
0000091b  __aeabi_memcpy                
0000091b  __aeabi_memcpy4               
0000091b  __aeabi_memcpy8               
0000091b  memcpy                        
000009b7  __TI_decompress_lzss          
00000a21  __TI_auto_init_nobinit_nopinit
00000a65  _c_int00_noargs               
00000a99  __TI_decompress_none          
00000aa7  ResetISR                      
00000ab3  main                          
00000abd  cubeGame                      
00000ac5  _system_pre_init              
00000ac9  C$$EXIT                       
00000ac9  abort                         
00000b7c  __TI_Handler_Table_Base       
00000b84  __TI_CINIT_Base               
00000b84  __TI_Handler_Table_Limit      
00000b8c  __TI_CINIT_Limit              
20000000  __start___llvm_prf_cnts       
20000000  __stop___llvm_prf_cnts        
20000320  __stack                       
20000520  __STACK_END                   
20000520  __STACK_TOP                   
ffffffff  __TI_pprof_out_hndl           
ffffffff  __TI_prof_data_size           
ffffffff  __TI_prof_data_start          
ffffffff  __binit__                     
ffffffff  __c_args__                    
ffffffff  binit                         
UNDEFED   __mpu_init                    
UNDEFED   _system_post_cinit            

[38 symbols]
